#-----------------------------------------------------------
# Vivado v2024.1 (64-bit)
# SW Build 5076996 on Wed May 22 18:37:14 MDT 2024
# IP Build 5075265 on Wed May 22 21:45:21 MDT 2024
# SharedData Build 5076995 on Wed May 22 18:29:18 MDT 2024
# Start of session at: Tue Aug 20 14:16:22 2024
# Process ID: 7232
# Current directory: D:/HardwareSynLab/project_2_Lab01/project_2_Lab01.runs/synth_1
# Command line: vivado.exe -log fullAdder.vds -product Vivado -mode batch -messageDb vivado.pb -notrace -source fullAdder.tcl
# Log file: D:/HardwareSynLab/project_2_Lab01/project_2_Lab01.runs/synth_1/fullAdder.vds
# Journal file: D:/HardwareSynLab/project_2_Lab01/project_2_Lab01.runs/synth_1\vivado.jou
# Running On        :BB_Idea3
# Platform          :Windows Server 2016 or Windows 10
# Operating System  :22631
# Processor Detail  :12th Gen Intel(R) Core(TM) i5-1235U
# CPU Frequency     :2496 MHz
# CPU Physical cores:10
# CPU Logical cores :12
# Host memory       :16890 MB
# Swap memory       :1073 MB
# Total Virtual     :17964 MB
# Available Virtual :7483 MB
#-----------------------------------------------------------
source fullAdder.tcl -notrace
